>>> add_integer = __import__('0-add_integer').add_integer

>>> add_integer(0, 0)
0
>>> add_integer(1, 0)
1
>>> add_integer(0, 2)
2
>>> add_integer(-3, 3)
0
>>> add_integer(5, -5)
0
>>> add_integer(1)
99
>>> add_integer()
Traceback (most recent call last):
...
TypeError: add_integer() missing 1 required positional argument: 'a'
>>> add_integer('a', 'b')
Traceback (most recent call last):
...
TypeError: a must be an integer
>>> add_integer('a', 20)
Traceback (most recent call last):
...
TypeError: a must be an integer
>>> add_integer('a')
Traceback (most recent call last):
...
TypeError: a must be an integer
>>> add_integer(30, 'b')
Traceback (most recent call last):
...
TypeError: b must be an integer
